[8.912s] Invoking command in '/home/adam/Sensor-Fusion-And-Autonomous-Racing-Cars/ros_ws/src/arc_keyboard_control': PYTHONPATH=/home/adam/Sensor-Fusion-And-Autonomous-Racing-Cars/ros_ws/build/arc_keyboard_control/prefix_override:/home/adam/Sensor-Fusion-And-Autonomous-Racing-Cars/ros_ws/install/arc_keyboard_control/lib/python3.8/site-packages:${PYTHONPATH} /usr/bin/python3 setup.py egg_info --egg-base ../../build/arc_keyboard_control build --build-base /home/adam/Sensor-Fusion-And-Autonomous-Racing-Cars/ros_ws/build/arc_keyboard_control/build install --record /home/adam/Sensor-Fusion-And-Autonomous-Racing-Cars/ros_ws/build/arc_keyboard_control/install.log --install-scripts $base/lib/arc_keyboard_control --single-version-externally-managed
[11.168s] running egg_info
[11.171s] creating ../../build/arc_keyboard_control/arc_keyboard_control.egg-info
[11.172s] writing ../../build/arc_keyboard_control/arc_keyboard_control.egg-info/PKG-INFO
[11.174s] writing dependency_links to ../../build/arc_keyboard_control/arc_keyboard_control.egg-info/dependency_links.txt
[11.174s] writing entry points to ../../build/arc_keyboard_control/arc_keyboard_control.egg-info/entry_points.txt
[11.180s] writing requirements to ../../build/arc_keyboard_control/arc_keyboard_control.egg-info/requires.txt
[11.180s] writing top-level names to ../../build/arc_keyboard_control/arc_keyboard_control.egg-info/top_level.txt
[11.188s] writing manifest file '../../build/arc_keyboard_control/arc_keyboard_control.egg-info/SOURCES.txt'
[11.355s] reading manifest file '../../build/arc_keyboard_control/arc_keyboard_control.egg-info/SOURCES.txt'
[11.359s] writing manifest file '../../build/arc_keyboard_control/arc_keyboard_control.egg-info/SOURCES.txt'
[11.360s] running build
[11.361s] running build_py
[11.362s] creating /home/adam/Sensor-Fusion-And-Autonomous-Racing-Cars/ros_ws/build/arc_keyboard_control/build
[11.362s] creating /home/adam/Sensor-Fusion-And-Autonomous-Racing-Cars/ros_ws/build/arc_keyboard_control/build/lib
[11.363s] creating /home/adam/Sensor-Fusion-And-Autonomous-Racing-Cars/ros_ws/build/arc_keyboard_control/build/lib/arc_keyboard_control
[11.363s] copying arc_keyboard_control/__init__.py -> /home/adam/Sensor-Fusion-And-Autonomous-Racing-Cars/ros_ws/build/arc_keyboard_control/build/lib/arc_keyboard_control
[11.364s] copying arc_keyboard_control/keyboard_control.py -> /home/adam/Sensor-Fusion-And-Autonomous-Racing-Cars/ros_ws/build/arc_keyboard_control/build/lib/arc_keyboard_control
[11.377s] running install
[11.381s] running install_lib
[11.387s] creating /home/adam/Sensor-Fusion-And-Autonomous-Racing-Cars/ros_ws/install/arc_keyboard_control/lib/python3.8/site-packages/arc_keyboard_control
[11.388s] copying /home/adam/Sensor-Fusion-And-Autonomous-Racing-Cars/ros_ws/build/arc_keyboard_control/build/lib/arc_keyboard_control/__init__.py -> /home/adam/Sensor-Fusion-And-Autonomous-Racing-Cars/ros_ws/install/arc_keyboard_control/lib/python3.8/site-packages/arc_keyboard_control
[11.388s] copying /home/adam/Sensor-Fusion-And-Autonomous-Racing-Cars/ros_ws/build/arc_keyboard_control/build/lib/arc_keyboard_control/keyboard_control.py -> /home/adam/Sensor-Fusion-And-Autonomous-Racing-Cars/ros_ws/install/arc_keyboard_control/lib/python3.8/site-packages/arc_keyboard_control
[11.391s] byte-compiling /home/adam/Sensor-Fusion-And-Autonomous-Racing-Cars/ros_ws/install/arc_keyboard_control/lib/python3.8/site-packages/arc_keyboard_control/__init__.py to __init__.cpython-38.pyc
[11.402s] byte-compiling /home/adam/Sensor-Fusion-And-Autonomous-Racing-Cars/ros_ws/install/arc_keyboard_control/lib/python3.8/site-packages/arc_keyboard_control/keyboard_control.py to keyboard_control.cpython-38.pyc
[11.409s] running install_data
[11.415s] creating /home/adam/Sensor-Fusion-And-Autonomous-Racing-Cars/ros_ws/install/arc_keyboard_control/share/ament_index
[11.417s] creating /home/adam/Sensor-Fusion-And-Autonomous-Racing-Cars/ros_ws/install/arc_keyboard_control/share/ament_index/resource_index
[11.418s] creating /home/adam/Sensor-Fusion-And-Autonomous-Racing-Cars/ros_ws/install/arc_keyboard_control/share/ament_index/resource_index/packages
[11.421s] copying resource/arc_keyboard_control -> /home/adam/Sensor-Fusion-And-Autonomous-Racing-Cars/ros_ws/install/arc_keyboard_control/share/ament_index/resource_index/packages
[11.422s] copying package.xml -> /home/adam/Sensor-Fusion-And-Autonomous-Racing-Cars/ros_ws/install/arc_keyboard_control/share/arc_keyboard_control
[11.424s] running install_egg_info
[11.432s] Copying ../../build/arc_keyboard_control/arc_keyboard_control.egg-info to /home/adam/Sensor-Fusion-And-Autonomous-Racing-Cars/ros_ws/install/arc_keyboard_control/lib/python3.8/site-packages/arc_keyboard_control-0.0.0-py3.8.egg-info
[11.440s] running install_scripts
[11.533s] Installing keyboard_control script to /home/adam/Sensor-Fusion-And-Autonomous-Racing-Cars/ros_ws/install/arc_keyboard_control/lib/arc_keyboard_control
[11.534s] writing list of installed files to '/home/adam/Sensor-Fusion-And-Autonomous-Racing-Cars/ros_ws/build/arc_keyboard_control/install.log'
[11.664s] Invoked command in '/home/adam/Sensor-Fusion-And-Autonomous-Racing-Cars/ros_ws/src/arc_keyboard_control' returned '0': PYTHONPATH=/home/adam/Sensor-Fusion-And-Autonomous-Racing-Cars/ros_ws/build/arc_keyboard_control/prefix_override:/home/adam/Sensor-Fusion-And-Autonomous-Racing-Cars/ros_ws/install/arc_keyboard_control/lib/python3.8/site-packages:${PYTHONPATH} /usr/bin/python3 setup.py egg_info --egg-base ../../build/arc_keyboard_control build --build-base /home/adam/Sensor-Fusion-And-Autonomous-Racing-Cars/ros_ws/build/arc_keyboard_control/build install --record /home/adam/Sensor-Fusion-And-Autonomous-Racing-Cars/ros_ws/build/arc_keyboard_control/install.log --install-scripts $base/lib/arc_keyboard_control --single-version-externally-managed
