[5.236s] Invoking command in '/home/adam/Sensor-Fusion-And-Autonomous-Racing-Cars/ros_ws/src/arc_autonomous_ctrl': PYTHONPATH=/home/adam/Sensor-Fusion-And-Autonomous-Racing-Cars/ros_ws/build/arc_autonomous_ctrl/prefix_override:/home/adam/Sensor-Fusion-And-Autonomous-Racing-Cars/ros_ws/install/arc_autonomous_ctrl/lib/python3.8/site-packages:${PYTHONPATH} /usr/bin/python3 setup.py egg_info --egg-base ../../build/arc_autonomous_ctrl build --build-base /home/adam/Sensor-Fusion-And-Autonomous-Racing-Cars/ros_ws/build/arc_autonomous_ctrl/build install --record /home/adam/Sensor-Fusion-And-Autonomous-Racing-Cars/ros_ws/build/arc_autonomous_ctrl/install.log --install-scripts $base/lib/arc_autonomous_ctrl --single-version-externally-managed
[6.494s] running egg_info
[6.497s] writing ../../build/arc_autonomous_ctrl/arc_autonomous_ctrl.egg-info/PKG-INFO
[6.500s] writing dependency_links to ../../build/arc_autonomous_ctrl/arc_autonomous_ctrl.egg-info/dependency_links.txt
[6.502s] writing entry points to ../../build/arc_autonomous_ctrl/arc_autonomous_ctrl.egg-info/entry_points.txt
[6.503s] writing requirements to ../../build/arc_autonomous_ctrl/arc_autonomous_ctrl.egg-info/requires.txt
[6.503s] writing top-level names to ../../build/arc_autonomous_ctrl/arc_autonomous_ctrl.egg-info/top_level.txt
[6.640s] reading manifest file '../../build/arc_autonomous_ctrl/arc_autonomous_ctrl.egg-info/SOURCES.txt'
[6.644s] writing manifest file '../../build/arc_autonomous_ctrl/arc_autonomous_ctrl.egg-info/SOURCES.txt'
[6.645s] running build
[6.646s] running build_py
[6.646s] copying arc_autonomous_ctrl/autonomous_ctrl.py -> /home/adam/Sensor-Fusion-And-Autonomous-Racing-Cars/ros_ws/build/arc_autonomous_ctrl/build/lib/arc_autonomous_ctrl
[6.648s] running install
[6.651s] running install_lib
[6.656s] copying /home/adam/Sensor-Fusion-And-Autonomous-Racing-Cars/ros_ws/build/arc_autonomous_ctrl/build/lib/arc_autonomous_ctrl/autonomous_ctrl.py -> /home/adam/Sensor-Fusion-And-Autonomous-Racing-Cars/ros_ws/install/arc_autonomous_ctrl/lib/python3.8/site-packages/arc_autonomous_ctrl
[6.660s] byte-compiling /home/adam/Sensor-Fusion-And-Autonomous-Racing-Cars/ros_ws/install/arc_autonomous_ctrl/lib/python3.8/site-packages/arc_autonomous_ctrl/autonomous_ctrl.py to autonomous_ctrl.cpython-38.pyc
[6.676s] running install_data
[6.679s] running install_egg_info
[6.685s] removing '/home/adam/Sensor-Fusion-And-Autonomous-Racing-Cars/ros_ws/install/arc_autonomous_ctrl/lib/python3.8/site-packages/arc_autonomous_ctrl-0.0.0-py3.8.egg-info' (and everything under it)
[6.687s] Copying ../../build/arc_autonomous_ctrl/arc_autonomous_ctrl.egg-info to /home/adam/Sensor-Fusion-And-Autonomous-Racing-Cars/ros_ws/install/arc_autonomous_ctrl/lib/python3.8/site-packages/arc_autonomous_ctrl-0.0.0-py3.8.egg-info
[6.694s] running install_scripts
[6.765s] Installing autonomous_ctrl script to /home/adam/Sensor-Fusion-And-Autonomous-Racing-Cars/ros_ws/install/arc_autonomous_ctrl/lib/arc_autonomous_ctrl
[6.767s] writing list of installed files to '/home/adam/Sensor-Fusion-And-Autonomous-Racing-Cars/ros_ws/build/arc_autonomous_ctrl/install.log'
[6.874s] Invoked command in '/home/adam/Sensor-Fusion-And-Autonomous-Racing-Cars/ros_ws/src/arc_autonomous_ctrl' returned '0': PYTHONPATH=/home/adam/Sensor-Fusion-And-Autonomous-Racing-Cars/ros_ws/build/arc_autonomous_ctrl/prefix_override:/home/adam/Sensor-Fusion-And-Autonomous-Racing-Cars/ros_ws/install/arc_autonomous_ctrl/lib/python3.8/site-packages:${PYTHONPATH} /usr/bin/python3 setup.py egg_info --egg-base ../../build/arc_autonomous_ctrl build --build-base /home/adam/Sensor-Fusion-And-Autonomous-Racing-Cars/ros_ws/build/arc_autonomous_ctrl/build install --record /home/adam/Sensor-Fusion-And-Autonomous-Racing-Cars/ros_ws/build/arc_autonomous_ctrl/install.log --install-scripts $base/lib/arc_autonomous_ctrl --single-version-externally-managed
