[0.000000] (-) TimerEvent: {}
[0.001073] (-) JobUnselected: {'identifier': 'arc_keyboard_control'}
[0.001404] (-) JobUnselected: {'identifier': 'arc_startup'}
[0.002290] (-) JobUnselected: {'identifier': 'asio_cmake_module'}
[0.002944] (-) JobUnselected: {'identifier': 'camera_calibration_parsers'}
[0.003339] (-) JobUnselected: {'identifier': 'camera_info_manager'}
[0.003454] (-) JobUnselected: {'identifier': 'camera_sensor'}
[0.003533] (-) JobUnselected: {'identifier': 'compressed_depth_image_transport'}
[0.003609] (-) JobUnselected: {'identifier': 'compressed_image_transport'}
[0.003683] (-) JobUnselected: {'identifier': 'image_common'}
[0.003756] (-) JobUnselected: {'identifier': 'image_transport'}
[0.003830] (-) JobUnselected: {'identifier': 'image_transport_plugins'}
[0.003904] (-) JobUnselected: {'identifier': 'io_context'}
[0.003977] (-) JobUnselected: {'identifier': 'ldlidar_ros2'}
[0.004048] (-) JobUnselected: {'identifier': 'motor_controller'}
[0.004120] (-) JobUnselected: {'identifier': 'serial_driver'}
[0.004190] (-) JobUnselected: {'identifier': 'servo_controller'}
[0.004262] (-) JobUnselected: {'identifier': 'steering_test_pkg'}
[0.004333] (-) JobUnselected: {'identifier': 'theora_image_transport'}
[0.004404] (-) JobUnselected: {'identifier': 'udp_driver'}
[0.004479] (-) JobUnselected: {'identifier': 'v4l2_camera'}
[0.004551] (-) JobUnselected: {'identifier': 'vesc'}
[0.004622] (-) JobUnselected: {'identifier': 'vesc_ackermann'}
[0.004693] (-) JobUnselected: {'identifier': 'vesc_driver'}
[0.004764] (-) JobUnselected: {'identifier': 'vesc_msgs'}
[0.004847] (arc_autonomous_ctrl) JobQueued: {'identifier': 'arc_autonomous_ctrl', 'dependencies': OrderedDict()}
[0.004938] (arc_autonomous_ctrl) JobStarted: {'identifier': 'arc_autonomous_ctrl'}
[0.099778] (-) TimerEvent: {}
[0.201408] (-) TimerEvent: {}
[0.304323] (-) TimerEvent: {}
[0.440514] (-) TimerEvent: {}
[0.542164] (-) TimerEvent: {}
[0.644182] (-) TimerEvent: {}
[0.746071] (-) TimerEvent: {}
[0.847754] (-) TimerEvent: {}
[0.950304] (-) TimerEvent: {}
[1.051084] (-) TimerEvent: {}
[1.153035] (-) TimerEvent: {}
[1.254711] (-) TimerEvent: {}
[1.355813] (-) TimerEvent: {}
[1.456534] (-) TimerEvent: {}
[1.557397] (-) TimerEvent: {}
[1.658127] (-) TimerEvent: {}
[1.758833] (-) TimerEvent: {}
[1.859533] (-) TimerEvent: {}
[1.960285] (-) TimerEvent: {}
[2.061031] (-) TimerEvent: {}
[2.161866] (-) TimerEvent: {}
[2.262880] (-) TimerEvent: {}
[2.363861] (-) TimerEvent: {}
[2.465049] (-) TimerEvent: {}
[2.568078] (-) TimerEvent: {}
[2.668957] (-) TimerEvent: {}
[2.770025] (-) TimerEvent: {}
[2.872138] (-) TimerEvent: {}
[2.974893] (-) TimerEvent: {}
[3.084052] (-) TimerEvent: {}
[3.185067] (-) TimerEvent: {}
[3.286719] (-) TimerEvent: {}
[3.388228] (-) TimerEvent: {}
[3.489159] (-) TimerEvent: {}
[3.589907] (-) TimerEvent: {}
[3.593201] (arc_autonomous_ctrl) StderrLine: {'line': b'Traceback (most recent call last):\n  File "/usr/lib/python3/dist-packages/colcon_parallel_executor/executor/parallel.py", line 75, in execute\n    loop.run_until_complete(future)\n  File "/usr/lib/python3.8/asyncio/base_events.py", line 603, in run_until_complete\n    self.run_forever()\n  File "/usr/lib/python3.8/asyncio/base_events.py", line 570, in run_forever\n    self._run_once()\n  File "/usr/lib/python3.8/asyncio/base_events.py", line 1823, in _run_once\n    event_list = self._selector.select(timeout)\n  File "/usr/lib/python3.8/selectors.py", line 468, in select\n    fd_event_list = self._selector.poll(timeout, max_ev)\nKeyboardInterrupt\n\nDuring handling of the above exception, another exception occurred:\n\nTraceback (most recent call last):\n  File "/usr/lib/python3/dist-packages/colcon_core/executor/__init__.py", line 91, in __call__\n    rc = await self.task(*args, **kwargs)\n  File "/usr/lib/python3/dist-packages/colcon_core/task/__init__.py", line 93, in __call__\n    return await task_method(*args, **kwargs)\n  File "/usr/lib/python3/dist-packages/colcon_ros/task/ament_python/build.py", line 102, in build\n    return await extension.build(additional_hooks=additional_hooks)\n  File "/usr/lib/python3/dist-packages/colcon_core/task/python/build.py", line 85, in build\n    available_commands = await self._get_available_commands(\n  File "/usr/lib/python3/dist-packages/colcon_core/task/python/build.py", line 175, in _get_available_commands\n    output = await check_output(\n  File "/usr/lib/python3/dist-packages/colcon_core/subprocess.py", line 129, in check_output\n    assert not rc, f\'Expected {args} to pass: {stderr_data}\'\nAssertionError: Expected [\'/usr/bin/python3\', \'setup.py\', \'--help-commands\'] to pass: Traceback (most recent call last):\n  File "setup.py", line 1, in <module>\n    from setuptools import setup\n  File "/usr/lib/python3/dist-packages/setuptools/__init__.py", line 17, in <module>\n    import setuptools.version\n  File "/usr/lib/python3/dist-packages/setuptools/version.py", line 1, in <module>\n    import pkg_resources\n  File "/usr/lib/python3/dist-packages/pkg_resources/__init__.py", line 35, in <module>\n    import plistlib\n  File "/usr/lib/python3.8/plistlib.py", line 65, in <module>\n    from xml.parsers.expat import ParserCreate\n  File "<frozen importlib._bootstrap>", line 991, in _find_and_load\n  File "<frozen importlib._bootstrap>", line 975, in _find_and_load_unlocked\n  File "<frozen importlib._bootstrap>", line 671, in _load_unlocked\n  File "<frozen importlib._bootstrap_external>", line 844, in exec_module\n  File "<frozen importlib._bootstrap_external>", line 939, in get_code\n  File "<frozen importlib._bootstrap_external>", line 1037, in get_data\nKeyboardInterrupt\n\n'}
[3.596717] (arc_autonomous_ctrl) JobEnded: {'identifier': 'arc_autonomous_ctrl', 'rc': 'SIGINT'}
[3.605633] (-) EventReactorShutdown: {}
