[5.324s] Invoking command in '/home/adam/Sensor-Fusion-And-Autonomous-Racing-Cars/ros_ws/src/arc_autonomous_ctrl': PYTHONPATH=/home/adam/Sensor-Fusion-And-Autonomous-Racing-Cars/ros_ws/build/arc_autonomous_ctrl/prefix_override:/home/adam/Sensor-Fusion-And-Autonomous-Racing-Cars/ros_ws/install/arc_autonomous_ctrl/lib/python3.8/site-packages:${PYTHONPATH} /usr/bin/python3 setup.py egg_info --egg-base ../../build/arc_autonomous_ctrl build --build-base /home/adam/Sensor-Fusion-And-Autonomous-Racing-Cars/ros_ws/build/arc_autonomous_ctrl/build install --record /home/adam/Sensor-Fusion-And-Autonomous-Racing-Cars/ros_ws/build/arc_autonomous_ctrl/install.log --install-scripts $base/lib/arc_autonomous_ctrl --single-version-externally-managed
[6.494s] running egg_info
[6.497s] writing ../../build/arc_autonomous_ctrl/arc_autonomous_ctrl.egg-info/PKG-INFO
[6.498s] writing dependency_links to ../../build/arc_autonomous_ctrl/arc_autonomous_ctrl.egg-info/dependency_links.txt
[6.499s] writing entry points to ../../build/arc_autonomous_ctrl/arc_autonomous_ctrl.egg-info/entry_points.txt
[6.501s] writing requirements to ../../build/arc_autonomous_ctrl/arc_autonomous_ctrl.egg-info/requires.txt
[6.501s] writing top-level names to ../../build/arc_autonomous_ctrl/arc_autonomous_ctrl.egg-info/top_level.txt
[6.639s] reading manifest file '../../build/arc_autonomous_ctrl/arc_autonomous_ctrl.egg-info/SOURCES.txt'
[6.643s] writing manifest file '../../build/arc_autonomous_ctrl/arc_autonomous_ctrl.egg-info/SOURCES.txt'
[6.644s] running build
[6.647s] running build_py
[6.648s] copying arc_autonomous_ctrl/__init__.py -> /home/adam/Sensor-Fusion-And-Autonomous-Racing-Cars/ros_ws/build/arc_autonomous_ctrl/build/lib/arc_autonomous_ctrl
[6.649s] copying arc_autonomous_ctrl/autonomous_ctrl.py -> /home/adam/Sensor-Fusion-And-Autonomous-Racing-Cars/ros_ws/build/arc_autonomous_ctrl/build/lib/arc_autonomous_ctrl
[6.649s] running install
[6.651s] running install_lib
[6.655s] copying /home/adam/Sensor-Fusion-And-Autonomous-Racing-Cars/ros_ws/build/arc_autonomous_ctrl/build/lib/arc_autonomous_ctrl/__init__.py -> /home/adam/Sensor-Fusion-And-Autonomous-Racing-Cars/ros_ws/install/arc_autonomous_ctrl/lib/python3.8/site-packages/arc_autonomous_ctrl
[6.657s] copying /home/adam/Sensor-Fusion-And-Autonomous-Racing-Cars/ros_ws/build/arc_autonomous_ctrl/build/lib/arc_autonomous_ctrl/autonomous_ctrl.py -> /home/adam/Sensor-Fusion-And-Autonomous-Racing-Cars/ros_ws/install/arc_autonomous_ctrl/lib/python3.8/site-packages/arc_autonomous_ctrl
[6.661s] byte-compiling /home/adam/Sensor-Fusion-And-Autonomous-Racing-Cars/ros_ws/install/arc_autonomous_ctrl/lib/python3.8/site-packages/arc_autonomous_ctrl/__init__.py to __init__.cpython-38.pyc
[6.665s] byte-compiling /home/adam/Sensor-Fusion-And-Autonomous-Racing-Cars/ros_ws/install/arc_autonomous_ctrl/lib/python3.8/site-packages/arc_autonomous_ctrl/autonomous_ctrl.py to autonomous_ctrl.cpython-38.pyc
[6.671s] running install_data
[6.674s] copying resource/arc_autonomous_ctrl -> /home/adam/Sensor-Fusion-And-Autonomous-Racing-Cars/ros_ws/install/arc_autonomous_ctrl/share/ament_index/resource_index/packages
[6.674s] copying package.xml -> /home/adam/Sensor-Fusion-And-Autonomous-Racing-Cars/ros_ws/install/arc_autonomous_ctrl/share/arc_autonomous_ctrl
[6.686s] running install_egg_info
[6.697s] removing '/home/adam/Sensor-Fusion-And-Autonomous-Racing-Cars/ros_ws/install/arc_autonomous_ctrl/lib/python3.8/site-packages/arc_autonomous_ctrl-0.0.0-py3.8.egg-info' (and everything under it)
[6.699s] Copying ../../build/arc_autonomous_ctrl/arc_autonomous_ctrl.egg-info to /home/adam/Sensor-Fusion-And-Autonomous-Racing-Cars/ros_ws/install/arc_autonomous_ctrl/lib/python3.8/site-packages/arc_autonomous_ctrl-0.0.0-py3.8.egg-info
[6.706s] running install_scripts
[6.790s] Installing autonomous_ctrl script to /home/adam/Sensor-Fusion-And-Autonomous-Racing-Cars/ros_ws/install/arc_autonomous_ctrl/lib/arc_autonomous_ctrl
[6.794s] writing list of installed files to '/home/adam/Sensor-Fusion-And-Autonomous-Racing-Cars/ros_ws/build/arc_autonomous_ctrl/install.log'
[6.907s] Invoked command in '/home/adam/Sensor-Fusion-And-Autonomous-Racing-Cars/ros_ws/src/arc_autonomous_ctrl' returned '0': PYTHONPATH=/home/adam/Sensor-Fusion-And-Autonomous-Racing-Cars/ros_ws/build/arc_autonomous_ctrl/prefix_override:/home/adam/Sensor-Fusion-And-Autonomous-Racing-Cars/ros_ws/install/arc_autonomous_ctrl/lib/python3.8/site-packages:${PYTHONPATH} /usr/bin/python3 setup.py egg_info --egg-base ../../build/arc_autonomous_ctrl build --build-base /home/adam/Sensor-Fusion-And-Autonomous-Racing-Cars/ros_ws/build/arc_autonomous_ctrl/build install --record /home/adam/Sensor-Fusion-And-Autonomous-Racing-Cars/ros_ws/build/arc_autonomous_ctrl/install.log --install-scripts $base/lib/arc_autonomous_ctrl --single-version-externally-managed
