[5.046s] Invoking command in '/home/adam/Sensor-Fusion-And-Autonomous-Racing-Cars/ros_ws/src/arc_autonomous_ctrl': PYTHONPATH=/home/adam/Sensor-Fusion-And-Autonomous-Racing-Cars/ros_ws/build/arc_autonomous_ctrl/prefix_override:/home/adam/Sensor-Fusion-And-Autonomous-Racing-Cars/ros_ws/install/arc_autonomous_ctrl/lib/python3.8/site-packages:${PYTHONPATH} /usr/bin/python3 setup.py egg_info --egg-base ../../build/arc_autonomous_ctrl build --build-base /home/adam/Sensor-Fusion-And-Autonomous-Racing-Cars/ros_ws/build/arc_autonomous_ctrl/build install --record /home/adam/Sensor-Fusion-And-Autonomous-Racing-Cars/ros_ws/build/arc_autonomous_ctrl/install.log --install-scripts $base/lib/arc_autonomous_ctrl --single-version-externally-managed
[6.191s] running egg_info
[6.193s] writing ../../build/arc_autonomous_ctrl/arc_autonomous_ctrl.egg-info/PKG-INFO
[6.194s] writing dependency_links to ../../build/arc_autonomous_ctrl/arc_autonomous_ctrl.egg-info/dependency_links.txt
[6.195s] writing entry points to ../../build/arc_autonomous_ctrl/arc_autonomous_ctrl.egg-info/entry_points.txt
[6.196s] writing requirements to ../../build/arc_autonomous_ctrl/arc_autonomous_ctrl.egg-info/requires.txt
[6.197s] writing top-level names to ../../build/arc_autonomous_ctrl/arc_autonomous_ctrl.egg-info/top_level.txt
[6.330s] reading manifest file '../../build/arc_autonomous_ctrl/arc_autonomous_ctrl.egg-info/SOURCES.txt'
[6.334s] writing manifest file '../../build/arc_autonomous_ctrl/arc_autonomous_ctrl.egg-info/SOURCES.txt'
[6.335s] running build
[6.335s] running build_py
[6.338s] copying arc_autonomous_ctrl/autonomous_ctrl.py -> /home/adam/Sensor-Fusion-And-Autonomous-Racing-Cars/ros_ws/build/arc_autonomous_ctrl/build/lib/arc_autonomous_ctrl
[6.339s] running install
[6.340s] running install_lib
[6.344s] copying /home/adam/Sensor-Fusion-And-Autonomous-Racing-Cars/ros_ws/build/arc_autonomous_ctrl/build/lib/arc_autonomous_ctrl/autonomous_ctrl.py -> /home/adam/Sensor-Fusion-And-Autonomous-Racing-Cars/ros_ws/install/arc_autonomous_ctrl/lib/python3.8/site-packages/arc_autonomous_ctrl
[6.347s] byte-compiling /home/adam/Sensor-Fusion-And-Autonomous-Racing-Cars/ros_ws/install/arc_autonomous_ctrl/lib/python3.8/site-packages/arc_autonomous_ctrl/autonomous_ctrl.py to autonomous_ctrl.cpython-38.pyc
[6.357s] running install_data
[6.359s] running install_egg_info
[6.367s] removing '/home/adam/Sensor-Fusion-And-Autonomous-Racing-Cars/ros_ws/install/arc_autonomous_ctrl/lib/python3.8/site-packages/arc_autonomous_ctrl-0.0.0-py3.8.egg-info' (and everything under it)
[6.369s] Copying ../../build/arc_autonomous_ctrl/arc_autonomous_ctrl.egg-info to /home/adam/Sensor-Fusion-And-Autonomous-Racing-Cars/ros_ws/install/arc_autonomous_ctrl/lib/python3.8/site-packages/arc_autonomous_ctrl-0.0.0-py3.8.egg-info
[6.376s] running install_scripts
[6.444s] Installing autonomous_ctrl script to /home/adam/Sensor-Fusion-And-Autonomous-Racing-Cars/ros_ws/install/arc_autonomous_ctrl/lib/arc_autonomous_ctrl
[6.445s] writing list of installed files to '/home/adam/Sensor-Fusion-And-Autonomous-Racing-Cars/ros_ws/build/arc_autonomous_ctrl/install.log'
[6.544s] Invoked command in '/home/adam/Sensor-Fusion-And-Autonomous-Racing-Cars/ros_ws/src/arc_autonomous_ctrl' returned '0': PYTHONPATH=/home/adam/Sensor-Fusion-And-Autonomous-Racing-Cars/ros_ws/build/arc_autonomous_ctrl/prefix_override:/home/adam/Sensor-Fusion-And-Autonomous-Racing-Cars/ros_ws/install/arc_autonomous_ctrl/lib/python3.8/site-packages:${PYTHONPATH} /usr/bin/python3 setup.py egg_info --egg-base ../../build/arc_autonomous_ctrl build --build-base /home/adam/Sensor-Fusion-And-Autonomous-Racing-Cars/ros_ws/build/arc_autonomous_ctrl/build install --record /home/adam/Sensor-Fusion-And-Autonomous-Racing-Cars/ros_ws/build/arc_autonomous_ctrl/install.log --install-scripts $base/lib/arc_autonomous_ctrl --single-version-externally-managed
