[4.817s] Invoking command in '/home/adam/Sensor-Fusion-And-Autonomous-Racing-Cars/ros_ws/src/arc_startup': PYTHONPATH=/home/adam/Sensor-Fusion-And-Autonomous-Racing-Cars/ros_ws/build/arc_startup/prefix_override:/home/adam/Sensor-Fusion-And-Autonomous-Racing-Cars/ros_ws/install/arc_startup/lib/python3.8/site-packages:${PYTHONPATH} /usr/bin/python3 setup.py egg_info --egg-base ../../build/arc_startup build --build-base /home/adam/Sensor-Fusion-And-Autonomous-Racing-Cars/ros_ws/build/arc_startup/build install --record /home/adam/Sensor-Fusion-And-Autonomous-Racing-Cars/ros_ws/build/arc_startup/install.log --install-scripts $base/lib/arc_startup --single-version-externally-managed
[5.880s] running egg_info
[5.883s] writing ../../build/arc_startup/arc_startup.egg-info/PKG-INFO
[5.884s] writing dependency_links to ../../build/arc_startup/arc_startup.egg-info/dependency_links.txt
[5.885s] writing entry points to ../../build/arc_startup/arc_startup.egg-info/entry_points.txt
[5.886s] writing requirements to ../../build/arc_startup/arc_startup.egg-info/requires.txt
[5.886s] writing top-level names to ../../build/arc_startup/arc_startup.egg-info/top_level.txt
[6.024s] reading manifest file '../../build/arc_startup/arc_startup.egg-info/SOURCES.txt'
[6.029s] writing manifest file '../../build/arc_startup/arc_startup.egg-info/SOURCES.txt'
[6.030s] running build
[6.031s] running build_py
[6.032s] running install
[6.039s] running install_lib
[6.042s] running install_data
[6.045s] copying launch/startup.launch.py -> /home/adam/Sensor-Fusion-And-Autonomous-Racing-Cars/ros_ws/install/arc_startup/share/arc_startup/launch
[6.046s] running install_egg_info
[6.054s] removing '/home/adam/Sensor-Fusion-And-Autonomous-Racing-Cars/ros_ws/install/arc_startup/lib/python3.8/site-packages/arc_startup-0.0.0-py3.8.egg-info' (and everything under it)
[6.055s] Copying ../../build/arc_startup/arc_startup.egg-info to /home/adam/Sensor-Fusion-And-Autonomous-Racing-Cars/ros_ws/install/arc_startup/lib/python3.8/site-packages/arc_startup-0.0.0-py3.8.egg-info
[6.066s] running install_scripts
[6.135s] writing list of installed files to '/home/adam/Sensor-Fusion-And-Autonomous-Racing-Cars/ros_ws/build/arc_startup/install.log'
[6.230s] Invoked command in '/home/adam/Sensor-Fusion-And-Autonomous-Racing-Cars/ros_ws/src/arc_startup' returned '0': PYTHONPATH=/home/adam/Sensor-Fusion-And-Autonomous-Racing-Cars/ros_ws/build/arc_startup/prefix_override:/home/adam/Sensor-Fusion-And-Autonomous-Racing-Cars/ros_ws/install/arc_startup/lib/python3.8/site-packages:${PYTHONPATH} /usr/bin/python3 setup.py egg_info --egg-base ../../build/arc_startup build --build-base /home/adam/Sensor-Fusion-And-Autonomous-Racing-Cars/ros_ws/build/arc_startup/build install --record /home/adam/Sensor-Fusion-And-Autonomous-Racing-Cars/ros_ws/build/arc_startup/install.log --install-scripts $base/lib/arc_startup --single-version-externally-managed
