[0.000000] (-) TimerEvent: {}
[0.001022] (-) JobUnselected: {'identifier': 'arc_keyboard_control'}
[0.001338] (-) JobUnselected: {'identifier': 'arc_startup'}
[0.002055] (-) JobUnselected: {'identifier': 'asio_cmake_module'}
[0.003867] (-) JobUnselected: {'identifier': 'camera_sensor'}
[0.004165] (-) JobUnselected: {'identifier': 'compressed_depth_image_transport'}
[0.004329] (-) JobUnselected: {'identifier': 'compressed_image_transport'}
[0.004418] (-) JobUnselected: {'identifier': 'image_transport_plugins'}
[0.004495] (-) JobUnselected: {'identifier': 'io_context'}
[0.004572] (-) JobUnselected: {'identifier': 'ldlidar_ros2'}
[0.004646] (-) JobUnselected: {'identifier': 'motor_controller'}
[0.004717] (-) JobUnselected: {'identifier': 'serial_driver'}
[0.004789] (-) JobUnselected: {'identifier': 'servo_controller'}
[0.004865] (-) JobUnselected: {'identifier': 'steering_test_pkg'}
[0.004936] (-) JobUnselected: {'identifier': 'theora_image_transport'}
[0.005006] (-) JobUnselected: {'identifier': 'udp_driver'}
[0.005077] (-) JobUnselected: {'identifier': 'v4l2_camera'}
[0.005146] (-) JobUnselected: {'identifier': 'vesc'}
[0.005218] (-) JobUnselected: {'identifier': 'vesc_ackermann'}
[0.005292] (-) JobUnselected: {'identifier': 'vesc_driver'}
[0.005370] (-) JobUnselected: {'identifier': 'vesc_msgs'}
[0.005458] (arc_autonomous_ctrl) JobQueued: {'identifier': 'arc_autonomous_ctrl', 'dependencies': OrderedDict()}
[0.005547] (arc_autonomous_ctrl) JobStarted: {'identifier': 'arc_autonomous_ctrl'}
[0.099595] (-) TimerEvent: {}
[0.203056] (-) TimerEvent: {}
[0.304977] (-) TimerEvent: {}
[0.406333] (-) TimerEvent: {}
[0.509578] (-) TimerEvent: {}
[0.613179] (-) TimerEvent: {}
[0.714994] (-) TimerEvent: {}
[0.816326] (-) TimerEvent: {}
[0.918650] (-) TimerEvent: {}
[1.020725] (-) TimerEvent: {}
[1.128092] (-) TimerEvent: {}
[1.230004] (-) TimerEvent: {}
[1.331077] (-) TimerEvent: {}
[1.432228] (-) TimerEvent: {}
[1.533119] (-) TimerEvent: {}
[1.633838] (-) TimerEvent: {}
[1.734654] (-) TimerEvent: {}
[1.835411] (-) TimerEvent: {}
[1.936165] (-) TimerEvent: {}
[2.037003] (-) TimerEvent: {}
[2.137842] (-) TimerEvent: {}
[2.238861] (-) TimerEvent: {}
[2.340421] (-) TimerEvent: {}
[2.443793] (-) TimerEvent: {}
[2.545762] (-) TimerEvent: {}
[2.646868] (-) TimerEvent: {}
[2.751825] (-) TimerEvent: {}
[2.852609] (-) TimerEvent: {}
[2.954920] (-) TimerEvent: {}
[3.061346] (-) TimerEvent: {}
[3.163682] (-) TimerEvent: {}
[3.192352] (arc_autonomous_ctrl) JobEnded: {'identifier': 'arc_autonomous_ctrl', 'rc': 0}
[3.198818] (-) EventReactorShutdown: {}
