[4.865s] Invoking command in '/home/adam/Sensor-Fusion-And-Autonomous-Racing-Cars/ros_ws/src/arc_autonomous_ctrl': PYTHONPATH=/home/adam/Sensor-Fusion-And-Autonomous-Racing-Cars/ros_ws/build/arc_autonomous_ctrl/prefix_override:/home/adam/Sensor-Fusion-And-Autonomous-Racing-Cars/ros_ws/install/arc_autonomous_ctrl/lib/python3.8/site-packages:${PYTHONPATH} /usr/bin/python3 setup.py egg_info --egg-base ../../build/arc_autonomous_ctrl build --build-base /home/adam/Sensor-Fusion-And-Autonomous-Racing-Cars/ros_ws/build/arc_autonomous_ctrl/build install --record /home/adam/Sensor-Fusion-And-Autonomous-Racing-Cars/ros_ws/build/arc_autonomous_ctrl/install.log --install-scripts $base/lib/arc_autonomous_ctrl --single-version-externally-managed
[5.986s] running egg_info
[5.988s] writing ../../build/arc_autonomous_ctrl/arc_autonomous_ctrl.egg-info/PKG-INFO
[5.989s] writing dependency_links to ../../build/arc_autonomous_ctrl/arc_autonomous_ctrl.egg-info/dependency_links.txt
[5.990s] writing entry points to ../../build/arc_autonomous_ctrl/arc_autonomous_ctrl.egg-info/entry_points.txt
[5.990s] writing requirements to ../../build/arc_autonomous_ctrl/arc_autonomous_ctrl.egg-info/requires.txt
[5.991s] writing top-level names to ../../build/arc_autonomous_ctrl/arc_autonomous_ctrl.egg-info/top_level.txt
[6.122s] reading manifest file '../../build/arc_autonomous_ctrl/arc_autonomous_ctrl.egg-info/SOURCES.txt'
[6.126s] writing manifest file '../../build/arc_autonomous_ctrl/arc_autonomous_ctrl.egg-info/SOURCES.txt'
[6.127s] running build
[6.127s] running build_py
[6.128s] copying arc_autonomous_ctrl/autonomous_ctrl.py -> /home/adam/Sensor-Fusion-And-Autonomous-Racing-Cars/ros_ws/build/arc_autonomous_ctrl/build/lib/arc_autonomous_ctrl
[6.129s] running install
[6.132s] running install_lib
[6.136s] copying /home/adam/Sensor-Fusion-And-Autonomous-Racing-Cars/ros_ws/build/arc_autonomous_ctrl/build/lib/arc_autonomous_ctrl/autonomous_ctrl.py -> /home/adam/Sensor-Fusion-And-Autonomous-Racing-Cars/ros_ws/install/arc_autonomous_ctrl/lib/python3.8/site-packages/arc_autonomous_ctrl
[6.140s] byte-compiling /home/adam/Sensor-Fusion-And-Autonomous-Racing-Cars/ros_ws/install/arc_autonomous_ctrl/lib/python3.8/site-packages/arc_autonomous_ctrl/autonomous_ctrl.py to autonomous_ctrl.cpython-38.pyc
[6.149s] running install_data
[6.151s] running install_egg_info
[6.157s] removing '/home/adam/Sensor-Fusion-And-Autonomous-Racing-Cars/ros_ws/install/arc_autonomous_ctrl/lib/python3.8/site-packages/arc_autonomous_ctrl-0.0.0-py3.8.egg-info' (and everything under it)
[6.159s] Copying ../../build/arc_autonomous_ctrl/arc_autonomous_ctrl.egg-info to /home/adam/Sensor-Fusion-And-Autonomous-Racing-Cars/ros_ws/install/arc_autonomous_ctrl/lib/python3.8/site-packages/arc_autonomous_ctrl-0.0.0-py3.8.egg-info
[6.164s] running install_scripts
[6.231s] Installing autonomous_ctrl script to /home/adam/Sensor-Fusion-And-Autonomous-Racing-Cars/ros_ws/install/arc_autonomous_ctrl/lib/arc_autonomous_ctrl
[6.233s] writing list of installed files to '/home/adam/Sensor-Fusion-And-Autonomous-Racing-Cars/ros_ws/build/arc_autonomous_ctrl/install.log'
[6.331s] Invoked command in '/home/adam/Sensor-Fusion-And-Autonomous-Racing-Cars/ros_ws/src/arc_autonomous_ctrl' returned '0': PYTHONPATH=/home/adam/Sensor-Fusion-And-Autonomous-Racing-Cars/ros_ws/build/arc_autonomous_ctrl/prefix_override:/home/adam/Sensor-Fusion-And-Autonomous-Racing-Cars/ros_ws/install/arc_autonomous_ctrl/lib/python3.8/site-packages:${PYTHONPATH} /usr/bin/python3 setup.py egg_info --egg-base ../../build/arc_autonomous_ctrl build --build-base /home/adam/Sensor-Fusion-And-Autonomous-Racing-Cars/ros_ws/build/arc_autonomous_ctrl/build install --record /home/adam/Sensor-Fusion-And-Autonomous-Racing-Cars/ros_ws/build/arc_autonomous_ctrl/install.log --install-scripts $base/lib/arc_autonomous_ctrl --single-version-externally-managed
